stm32f4xx_hal_spi.c:259:19:HAL_SPI_Init	16	static
stm32f4xx_hal_spi.c:341:19:HAL_SPI_DeInit	16	static
stm32f4xx_hal_spi.c:375:13:HAL_SPI_MspInit	16	static
stm32f4xx_hal_spi.c:391:13:HAL_SPI_MspDeInit	16	static
stm32f4xx_hal_spi.c:446:19:HAL_SPI_Transmit	40	static
stm32f4xx_hal_spi.c:596:19:HAL_SPI_Receive	48	static
stm32f4xx_hal_spi.c:799:19:HAL_SPI_TransmitReceive	48	static
stm32f4xx_hal_spi.c:982:19:HAL_SPI_Transmit_IT	32	static
stm32f4xx_hal_spi.c:1072:19:HAL_SPI_Receive_IT	32	static
stm32f4xx_hal_spi.c:1163:19:HAL_SPI_TransmitReceive_IT	32	static
stm32f4xx_hal_spi.c:1245:19:HAL_SPI_Transmit_DMA	32	static
stm32f4xx_hal_spi.c:1332:19:HAL_SPI_Receive_DMA	32	static
stm32f4xx_hal_spi.c:1423:19:HAL_SPI_TransmitReceive_DMA	32	static
stm32f4xx_hal_spi.c:1529:19:HAL_SPI_DMAPause	16	static
stm32f4xx_hal_spi.c:1549:19:HAL_SPI_DMAResume	16	static
stm32f4xx_hal_spi.c:1569:19:HAL_SPI_DMAStop	16	static
stm32f4xx_hal_spi.c:1600:6:HAL_SPI_IRQHandler	40	static
stm32f4xx_hal_spi.c:1664:13:HAL_SPI_TxCpltCallback	16	static
stm32f4xx_hal_spi.c:1679:13:HAL_SPI_RxCpltCallback	16	static
stm32f4xx_hal_spi.c:1694:13:HAL_SPI_TxRxCpltCallback	16	static
stm32f4xx_hal_spi.c:1709:13:HAL_SPI_TxHalfCpltCallback	16	static
stm32f4xx_hal_spi.c:1724:13:HAL_SPI_RxHalfCpltCallback	16	static
stm32f4xx_hal_spi.c:1739:13:HAL_SPI_TxRxHalfCpltCallback	16	static
stm32f4xx_hal_spi.c:1754:14:HAL_SPI_ErrorCallback	16	static
stm32f4xx_hal_spi.c:1791:22:HAL_SPI_GetState	16	static
stm32f4xx_hal_spi.c:1803:10:HAL_SPI_GetError	16	static
stm32f4xx_hal_spi.c:1828:13:SPI_DMATransmitCplt	32	static
stm32f4xx_hal_spi.c:1872:13:SPI_DMAReceiveCplt	40	static
stm32f4xx_hal_spi.c:1938:13:SPI_DMATransmitReceiveCplt	40	static
stm32f4xx_hal_spi.c:2004:13:SPI_DMAHalfTransmitCplt	24	static
stm32f4xx_hal_spi.c:2017:13:SPI_DMAHalfReceiveCplt	24	static
stm32f4xx_hal_spi.c:2030:13:SPI_DMAHalfTransmitReceiveCplt	24	static
stm32f4xx_hal_spi.c:2043:13:SPI_DMAError	24	static
stm32f4xx_hal_spi.c:2061:13:SPI_2linesRxISR_8BIT	16	static
stm32f4xx_hal_spi.c:2095:13:SPI_2linesRxISR_8BITCRC	24	static
stm32f4xx_hal_spi.c:2122:13:SPI_2linesTxISR_8BIT	16	static
stm32f4xx_hal_spi.c:2153:13:SPI_2linesRxISR_16BIT	16	static
stm32f4xx_hal_spi.c:2187:13:SPI_2linesRxISR_16BITCRC	24	static
stm32f4xx_hal_spi.c:2211:13:SPI_2linesTxISR_16BIT	16	static
stm32f4xx_hal_spi.c:2245:13:SPI_RxISR_8BITCRC	24	static
stm32f4xx_hal_spi.c:2265:13:SPI_RxISR_8BIT	16	static
stm32f4xx_hal_spi.c:2298:13:SPI_RxISR_16BITCRC	24	static
stm32f4xx_hal_spi.c:2321:13:SPI_RxISR_16BIT	16	static
stm32f4xx_hal_spi.c:2354:13:SPI_TxISR_8BIT	16	static
stm32f4xx_hal_spi.c:2378:13:SPI_TxISR_16BIT	16	static
stm32f4xx_hal_spi.c:2408:26:SPI_WaitFlagStateUntilTimeout	24	static
stm32f4xx_hal_spi.c:2454:26:SPI_CheckForDisablingSPI	16	static
stm32f4xx_hal_spi.c:2472:26:SPI_CheckFlag_BSY	32	static
stm32f4xx_hal_spi.c:2489:13:SPI_CloseRxTx_ISR	24	static
stm32f4xx_hal_spi.c:2546:13:SPI_CloseRx_ISR	16	static
stm32f4xx_hal_spi.c:2588:13:SPI_CloseTx_ISR	24	static
