stm32f4xx_hal_smartcard.c:237:19:HAL_SMARTCARD_Init	16	static
stm32f4xx_hal_smartcard.c:303:19:HAL_SMARTCARD_DeInit	16	static
stm32f4xx_hal_smartcard.c:338:14:HAL_SMARTCARD_MspInit	16	static
stm32f4xx_hal_smartcard.c:353:14:HAL_SMARTCARD_MspDeInit	16	static
stm32f4xx_hal_smartcard.c:425:19:HAL_SMARTCARD_Transmit	32	static
stm32f4xx_hal_smartcard.c:484:19:HAL_SMARTCARD_Receive	32	static
stm32f4xx_hal_smartcard.c:539:19:HAL_SMARTCARD_Transmit_IT	24	static
stm32f4xx_hal_smartcard.c:587:19:HAL_SMARTCARD_Receive_IT	24	static
stm32f4xx_hal_smartcard.c:635:19:HAL_SMARTCARD_Transmit_DMA	32	static
stm32f4xx_hal_smartcard.c:694:19:HAL_SMARTCARD_Receive_DMA	32	static
stm32f4xx_hal_smartcard.c:746:6:HAL_SMARTCARD_IRQHandler	40	static
stm32f4xx_hal_smartcard.c:821:14:HAL_SMARTCARD_TxCpltCallback	16	static
stm32f4xx_hal_smartcard.c:836:13:HAL_SMARTCARD_RxCpltCallback	16	static
stm32f4xx_hal_smartcard.c:851:14:HAL_SMARTCARD_ErrorCallback	16	static
stm32f4xx_hal_smartcard.c:885:28:HAL_SMARTCARD_GetState	24	static
stm32f4xx_hal_smartcard.c:900:10:HAL_SMARTCARD_GetError	16	static
stm32f4xx_hal_smartcard.c:915:13:SMARTCARD_DMATransmitCplt	24	static
stm32f4xx_hal_smartcard.c:935:13:SMARTCARD_DMAReceiveCplt	24	static
stm32f4xx_hal_smartcard.c:957:13:SMARTCARD_DMAError	24	static
stm32f4xx_hal_smartcard.c:978:26:SMARTCARD_WaitOnFlagUntilTimeout	32	static
stm32f4xx_hal_smartcard.c:1043:26:SMARTCARD_Transmit_IT	24	static
stm32f4xx_hal_smartcard.c:1077:26:SMARTCARD_EndTransmit_IT	16	static
stm32f4xx_hal_smartcard.c:1099:26:SMARTCARD_Receive_IT	24	static
stm32f4xx_hal_smartcard.c:1141:13:SMARTCARD_SetConfig	32	static
