stm32f4xx_hal_sd.c:341:21:HAL_SD_Init	72	static
stm32f4xx_hal_sd.c:398:19:HAL_SD_DeInit	16	static
stm32f4xx_hal_sd.c:416:13:HAL_SD_MspInit	16	static
stm32f4xx_hal_sd.c:430:13:HAL_SD_MspDeInit	16	static
stm32f4xx_hal_sd.c:469:21:HAL_SD_ReadBlocks	88	static
stm32f4xx_hal_sd.c:663:21:HAL_SD_WriteBlocks	96	static
stm32f4xx_hal_sd.c:891:21:HAL_SD_ReadBlocks_DMA	80	static
stm32f4xx_hal_sd.c:1015:21:HAL_SD_WriteBlocks_DMA	80	static
stm32f4xx_hal_sd.c:1138:21:HAL_SD_CheckReadOperation	40	static
stm32f4xx_hal_sd.c:1198:21:HAL_SD_CheckWriteOperation	40	static
stm32f4xx_hal_sd.c:1261:21:HAL_SD_Erase	64	static
stm32f4xx_hal_sd.c:1365:6:HAL_SD_IRQHandler	16	static
stm32f4xx_hal_sd.c:1446:13:HAL_SD_XferCpltCallback	16	static
stm32f4xx_hal_sd.c:1460:13:HAL_SD_XferErrorCallback	16	static
stm32f4xx_hal_sd.c:1475:13:HAL_SD_DMA_RxCpltCallback	16	static
stm32f4xx_hal_sd.c:1490:13:HAL_SD_DMA_RxErrorCallback	16	static
stm32f4xx_hal_sd.c:1505:13:HAL_SD_DMA_TxCpltCallback	16	static
stm32f4xx_hal_sd.c:1520:13:HAL_SD_DMA_TxErrorCallback	16	static
stm32f4xx_hal_sd.c:1555:21:HAL_SD_Get_CardInfo	32	static
stm32f4xx_hal_sd.c:1771:21:HAL_SD_WideBusOperation_Config	72	static
stm32f4xx_hal_sd.c:1825:21:HAL_SD_StopTransfer	40	static
stm32f4xx_hal_sd.c:1852:21:HAL_SD_HighSpeed	160	static
stm32f4xx_hal_sd.c:2020:21:HAL_SD_SendSDStatus	80	static
stm32f4xx_hal_sd.c:2162:29:HAL_SD_GetStatus	24	static
stm32f4xx_hal_sd.c:2191:21:HAL_SD_GetCardStatus	88	static
stm32f4xx_hal_sd.c:2286:13:SD_DMA_RxCplt	24	static
stm32f4xx_hal_sd.c:2311:13:SD_DMA_RxError	24	static
stm32f4xx_hal_sd.c:2325:13:SD_DMA_TxCplt	24	static
stm32f4xx_hal_sd.c:2350:13:SD_DMA_TxError	24	static
stm32f4xx_hal_sd.c:2363:32:SD_GetState	24	static
stm32f4xx_hal_sd.c:2383:28:SD_Initialize_Cards	48	static
stm32f4xx_hal_sd.c:2475:28:SD_Select_Deselect	48	static
stm32f4xx_hal_sd.c:2501:28:SD_PowerON	56	static
stm32f4xx_hal_sd.c:2642:28:SD_PowerOFF	24	static
stm32f4xx_hal_sd.c:2659:28:SD_SendStatus	40	static
stm32f4xx_hal_sd.c:2698:28:SD_CmdError	32	static
stm32f4xx_hal_sd.c:2730:28:SD_CmdResp7Error	32	static
stm32f4xx_hal_sd.c:2774:28:SD_CmdResp1Error	24	static
stm32f4xx_hal_sd.c:2922:28:SD_CmdResp3Error	24	static
stm32f4xx_hal_sd.c:2950:28:SD_CmdResp2Error	24	static
stm32f4xx_hal_sd.c:2993:28:SD_CmdResp6Error	32	static
stm32f4xx_hal_sd.c:3067:28:SD_WideBus_Enable	48	static
stm32f4xx_hal_sd.c:3136:28:SD_WideBus_Disable	48	static
stm32f4xx_hal_sd.c:3207:28:SD_FindSCR	88	static
stm32f4xx_hal_sd.c:3334:28:SD_IsCardProgramming	48	static
