stm32f4xx_hal_rtc_ex.c:158:19:HAL_RTCEx_SetTimeStamp	32	static
stm32f4xx_hal_rtc_ex.c:218:19:HAL_RTCEx_SetTimeStamp_IT	32	static
stm32f4xx_hal_rtc_ex.c:272:19:HAL_RTCEx_DeactivateTimeStamp	24	static
stm32f4xx_hal_rtc_ex.c:316:19:HAL_RTCEx_GetTimeStamp	32	static
stm32f4xx_hal_rtc_ex.c:368:19:HAL_RTCEx_SetTamper	24	static
stm32f4xx_hal_rtc_ex.c:418:19:HAL_RTCEx_SetTamper_IT	24	static
stm32f4xx_hal_rtc_ex.c:477:19:HAL_RTCEx_DeactivateTamper	16	static
stm32f4xx_hal_rtc_ex.c:503:6:HAL_RTCEx_TamperTimeStampIRQHandler	16	static
stm32f4xx_hal_rtc_ex.c:558:13:HAL_RTCEx_TimeStampEventCallback	16	static
stm32f4xx_hal_rtc_ex.c:573:13:HAL_RTCEx_Tamper1EventCallback	16	static
stm32f4xx_hal_rtc_ex.c:588:13:HAL_RTCEx_Tamper2EventCallback	16	static
stm32f4xx_hal_rtc_ex.c:604:19:HAL_RTCEx_PollForTimeStampEvent	24	static
stm32f4xx_hal_rtc_ex.c:647:19:HAL_RTCEx_PollForTamper1Event	24	static
stm32f4xx_hal_rtc_ex.c:683:19:HAL_RTCEx_PollForTamper2Event	24	static
stm32f4xx_hal_rtc_ex.c:738:19:HAL_RTCEx_SetWakeUpTimer	32	static
stm32f4xx_hal_rtc_ex.c:829:19:HAL_RTCEx_SetWakeUpTimer_IT	32	static
stm32f4xx_hal_rtc_ex.c:926:10:HAL_RTCEx_DeactivateWakeUpTimer	24	static
stm32f4xx_hal_rtc_ex.c:981:10:HAL_RTCEx_GetWakeUpTimer	16	static
stm32f4xx_hal_rtc_ex.c:993:6:HAL_RTCEx_WakeUpTimerIRQHandler	16	static
stm32f4xx_hal_rtc_ex.c:1021:13:HAL_RTCEx_WakeUpTimerEventCallback	16	static
stm32f4xx_hal_rtc_ex.c:1037:19:HAL_RTCEx_PollForWakeUpTimerEvent	24	static
stm32f4xx_hal_rtc_ex.c:1107:6:HAL_RTCEx_BKUPWrite	32	static
stm32f4xx_hal_rtc_ex.c:1130:10:HAL_RTCEx_BKUPRead	24	static
stm32f4xx_hal_rtc_ex.c:1161:19:HAL_RTCEx_SetCoarseCalib	24	static
stm32f4xx_hal_rtc_ex.c:1219:19:HAL_RTCEx_DeactivateCoarseCalib	16	static
stm32f4xx_hal_rtc_ex.c:1284:19:HAL_RTCEx_SetSmoothCalib	32	static
stm32f4xx_hal_rtc_ex.c:1354:19:HAL_RTCEx_SetSynchroShift	32	static
stm32f4xx_hal_rtc_ex.c:1449:19:HAL_RTCEx_SetCalibrationOutPut	16	static
stm32f4xx_hal_rtc_ex.c:1488:19:HAL_RTCEx_DeactivateCalibrationOutPut	16	static
stm32f4xx_hal_rtc_ex.c:1518:19:HAL_RTCEx_SetRefClock	16	static
stm32f4xx_hal_rtc_ex.c:1568:19:HAL_RTCEx_DeactivateRefClock	16	static
stm32f4xx_hal_rtc_ex.c:1620:19:HAL_RTCEx_EnableBypassShadow	16	static
stm32f4xx_hal_rtc_ex.c:1653:19:HAL_RTCEx_DisableBypassShadow	16	static
stm32f4xx_hal_rtc_ex.c:1703:13:HAL_RTCEx_AlarmBEventCallback	16	static
stm32f4xx_hal_rtc_ex.c:1719:19:HAL_RTCEx_PollForAlarmBEvent	24	static
