stm32f4xx_hal_pcd.c:138:19:HAL_PCD_Init	80	static
stm32f4xx_hal_pcd.c:223:19:HAL_PCD_DeInit	16	static
stm32f4xx_hal_pcd.c:249:13:HAL_PCD_MspInit	16	static
stm32f4xx_hal_pcd.c:263:13:HAL_PCD_MspDeInit	16	static
stm32f4xx_hal_pcd.c:296:19:HAL_PCD_Start	16	static
stm32f4xx_hal_pcd.c:310:19:HAL_PCD_Stop	16	static
stm32f4xx_hal_pcd.c:325:6:HAL_PCD_IRQHandler	48	static
stm32f4xx_hal_pcd.c:655:14:HAL_PCD_DataOutStageCallback	16	static
stm32f4xx_hal_pcd.c:671:14:HAL_PCD_DataInStageCallback	16	static
stm32f4xx_hal_pcd.c:685:14:HAL_PCD_SetupStageCallback	16	static
stm32f4xx_hal_pcd.c:699:14:HAL_PCD_SOFCallback	16	static
stm32f4xx_hal_pcd.c:713:14:HAL_PCD_ResetCallback	16	static
stm32f4xx_hal_pcd.c:727:14:HAL_PCD_SuspendCallback	16	static
stm32f4xx_hal_pcd.c:741:14:HAL_PCD_ResumeCallback	16	static
stm32f4xx_hal_pcd.c:756:14:HAL_PCD_ISOOUTIncompleteCallback	16	static
stm32f4xx_hal_pcd.c:772:14:HAL_PCD_ISOINIncompleteCallback	16	static
stm32f4xx_hal_pcd.c:787:14:HAL_PCD_ConnectCallback	16	static
stm32f4xx_hal_pcd.c:801:14:HAL_PCD_DisconnectCallback	16	static
stm32f4xx_hal_pcd.c:834:19:HAL_PCD_DevConnect	16	static
stm32f4xx_hal_pcd.c:847:19:HAL_PCD_DevDisconnect	16	static
stm32f4xx_hal_pcd.c:861:19:HAL_PCD_SetAddress	16	static
stm32f4xx_hal_pcd.c:876:19:HAL_PCD_EP_Open	24	static
stm32f4xx_hal_pcd.c:918:19:HAL_PCD_EP_Close	24	static
stm32f4xx_hal_pcd.c:949:19:HAL_PCD_EP_Receive	32	static
stm32f4xx_hal_pcd.c:988:10:HAL_PCD_EP_GetRxCount	16	static
stm32f4xx_hal_pcd.c:1000:19:HAL_PCD_EP_Transmit	32	static
stm32f4xx_hal_pcd.c:1040:19:HAL_PCD_EP_SetStall	24	static
stm32f4xx_hal_pcd.c:1075:19:HAL_PCD_EP_ClrStall	24	static
stm32f4xx_hal_pcd.c:1105:19:HAL_PCD_EP_Flush	16	static
stm32f4xx_hal_pcd.c:1128:19:HAL_PCD_ActivateRemoteWakeup	24	static
stm32f4xx_hal_pcd.c:1145:19:HAL_PCD_DeActivateRemoteWakeup	24	static
stm32f4xx_hal_pcd.c:1177:18:HAL_PCD_GetState	16	static
stm32f4xx_hal_pcd.c:1200:26:PCD_WriteEmptyTxFifo	48	static
