FPGA.c:182:9:readPort	16	static
FPGA.c:196:6:writePort	16	static
FPGA.c:221:6:ispVMDelay	24	static
FPGA.c:233:6:EnableHardware	8	static
FPGA.c:241:6:DisableHardware	8	static
FPGA.c:349:9:ispProcessVME	32	static
FPGA.c:720:10:ispVMDataSize	16	static
FPGA.c:754:9:ispVMShiftExec	24	static
FPGA.c:927:9:ispVMShift	24	static
FPGA.c:1097:9:GetByte	24	static
FPGA.c:1148:6:sclock	8	static
FPGA.c:1178:9:ispVMRead	32	static
FPGA.c:1307:6:ispVMSend	24	static
FPGA.c:1398:6:ispVMStateMachine	24	static
FPGA.c:1450:6:ispVMClocks	16	static
FPGA.c:1476:6:ispVMBypass	16	static
FPGA.c:1506:6:ispVMLCOUNT	16	static
FPGA.c:1520:6:ispVMLDELAY	16	static
FPGA.c:1593:9:B5_FPGA_Programming	32	static
FPGA.c:1704:6:B5_FPGA_SetMux	16	static
FPGA.c:1742:6:B5_FPGA_FpgaCpuGPIO	16	static
