se3_security_core.c:81:6:se3_security_core_init	8	static
se3_security_core.c:86:13:record_find	24	static
se3_security_core.c:100:6:record_set	64	static
se3_security_core.c:138:6:record_get	32	static
se3_security_core.c:156:10:crypto_init	80	static
se3_security_core.c:243:10:crypto_update	104	static
se3_security_core.c:333:10:crypto_list	48	static
se3_security_core.c:369:6:se3_payload_cryptoinit	96	static
se3_security_core.c:380:6:se3_payload_encrypt	24	static
se3_security_core.c:414:6:se3_payload_decrypt	24	static
